
1、磁盘接口类型

```bash
外部结构分类：
	1.机械硬盘/转速
	2.固态硬盘

外观：
	机架式 企业常用
	塔式   类似台式机样子
	刀片式 较少企业使用

1.IDE     淘汰
2.SCSI    淘汰
3.SATA    笔记本 台式机 家用 企业内部测试使用
4.SAS     企业标配
5.PCI-E   企业标配
```

2、磁盘转速

```bash
磁盘转速决定了磁盘的读写速度：
	转速越快存储越小
	5400 rpm （round per minute）
	7200 rpm
	10k rpm
	15k rpm

磁盘存储大小：
300G 600G 900G/15k
300G*12 600G*12 900G*8

存储服务器备份服务器：2T*8块

查看磁盘信息：
	fdisk -l /dev/sda
	
	Disk /dev/sda: 21.5 GB, 21474836480 bytes, 41943040 sectors
	Units = sectors of 1 * 512 = 512 bytes
	Sector size (logical/physical): 512 bytes / 512 bytes
	I/O size (minimum/optimal): 512 bytes / 512 bytes
	Disk label type: dos
	Disk identifier: 0x000f0437
	
	   Device Boot      Start         End      Blocks   Id  System
	/dev/sda1   *        2048      411647      204800   83  Linux
	/dev/sda2          411648     4605951     2097152   82  Linux swap / Solaris
	/dev/sda3         4605952    41943039    18668544   83  Linux

```

3、RAID阵列

```bash
1.可以增加使用空间
	
	需求：1.2T
	库存：900G*8块
	方法：用RAID逻辑的将多个盘组合成一个盘，900G*2块=1.8T

2.实现安全冗余（备份）
	需求：400G
	库存：900G*8块
	方法：用RAID逻辑的将两个盘合成一个盘，一个用于存数据，另一个用于备份，900G*2=900G

3.提高读写速度（IO）
	使用多个盘实现并发IO，提升数据读写速度


面试题：
写出RAID0 RAID1 RAID5 RAID10的区别：

RAID级别  最少需要盘数    安全性           容量        性能     使用场景
RAID0        1    坏一块所有数据都损坏  所有盘的总和   读写快   只要性能不要安全（存缓存）
RAID1      只能2块    可以损坏一块盘       50%      写慢读可以 只要安全不要速度（监控）
RAID5      至少3块    可以损坏一块盘       n-1      读写都可以  稳定的业务
RAID10 （偶数）至少4块  可以损坏一半        一半       读写快    高并发业务场景
```